Date Time,Description
2021-04-17 21:22:10,Heather logged in
2021-04-16 22:43:20,receipt "75" updated by Heather
2021-04-16 22:42:48,Heather logged in
2021-04-16 22:26:36,emailed rjking58@gmail.com subject test response OK