"","No▲","Title","Name","Lastname","Address","Suburb","State","Postcode","Mobile","Phone","Email","EC_Name","EC_Number","Joined","Status","Welcome_pack_sent","Financial_to","Workshop_class","Comments","News_Email","News_Hut","News_Post","Exec_Comm","Comm","Exh_Adm","Judge_Demo_Venue","Cater_Fundr","Bldg","Clean","Garden","Purch","Kids","Media","Unable"
" ✎","","","Ssss","Test","","","","","","","ssss@email.com","","","","Subscriber","","","","","Y","","","","","","","","","","","","","",""