"Interconnector","Dir","Flow MW","Δ","Export limit","Import limit"
"N-Q-MNSP1","⇣","-41","-3","41","-119"
"NSW1-QLD1","⇣","-120","9","74","-120"
"VIC1-NSW1","⇡","821","-1","821","-582"
"V-S-MNSP1","⇢","-157","-1","-77","-157"
"V-SA","⇢","-164","-4","460","-413"
"T-V-MNSP1","⇣","-401","15","-224","-401"