<pre><ul><li>W 7 187 1521 
        </li><li>M 23 731 5932 
        </li><li>Y 291 10351 102000
        </li></ul></pre>