"Date","Km","Alt gain","Description","Weather"
"\d{4}-\d{2}-\d{2}","21","167","SoB","","âœŽ Edit"